Using pre-set license
Built from '6000.0/release' branch; Version is '6000.0.44f1 (101c91f3a8fb) revision 1055889'; Using compiler version '193933523'; Build Type 'Release'
OS: 'Windows 11  (10.0.26100) 64bit CoreSingleLanguage' Language: 'vi' Physical Memory: 7926 MB
BatchMode: 1, IsHumanControllingUs: 0, StartBugReporterOnCrash: 0, Is64bit: 1, IsPro: 1

COMMAND LINE ARGUMENTS:
C:\Program Files\Unity\Hub\Editor\6000.0.44f1\Editor\Unity.exe
-adb2
-batchMode
-noUpm
-name
AssetImportWorker0
-projectPath
C:/Users/lekha/OneDrive/Documents/URAPoem/URA
-logFile
Logs/AssetImportWorker0.log
-srvPort
50538
-job-worker-count
3
-background-job-worker-count
8
-gc-helper-count
1
Successfully changed project path to: C:/Users/lekha/OneDrive/Documents/URAPoem/URA
C:/Users/lekha/OneDrive/Documents/URAPoem/URA
[UnityMemory] Configuration Parameters - Can be set up in boot.config
    "memorysetup-bucket-allocator-granularity=16"
    "memorysetup-bucket-allocator-bucket-count=8"
    "memorysetup-bucket-allocator-block-size=33554432"
    "memorysetup-bucket-allocator-block-count=8"
    "memorysetup-main-allocator-block-size=16777216"
    "memorysetup-thread-allocator-block-size=16777216"
    "memorysetup-gfx-main-allocator-block-size=16777216"
    "memorysetup-gfx-thread-allocator-block-size=16777216"
    "memorysetup-cache-allocator-block-size=4194304"
    "memorysetup-typetree-allocator-block-size=2097152"
    "memorysetup-profiler-bucket-allocator-granularity=16"
    "memorysetup-profiler-bucket-allocator-bucket-count=8"
    "memorysetup-profiler-bucket-allocator-block-size=33554432"
    "memorysetup-profiler-bucket-allocator-block-count=8"
    "memorysetup-profiler-allocator-block-size=16777216"
    "memorysetup-profiler-editor-allocator-block-size=1048576"
    "memorysetup-temp-allocator-size-main=16777216"
    "memorysetup-job-temp-allocator-block-size=2097152"
    "memorysetup-job-temp-allocator-block-size-background=1048576"
    "memorysetup-job-temp-allocator-reduction-small-platforms=262144"
    "memorysetup-allocator-temp-initial-block-size-main=262144"
    "memorysetup-allocator-temp-initial-block-size-worker=262144"
    "memorysetup-temp-allocator-size-background-worker=32768"
    "memorysetup-temp-allocator-size-job-worker=262144"
    "memorysetup-temp-allocator-size-preload-manager=33554432"
    "memorysetup-temp-allocator-size-nav-mesh-worker=65536"
    "memorysetup-temp-allocator-size-audio-worker=65536"
    "memorysetup-temp-allocator-size-cloud-worker=32768"
    "memorysetup-temp-allocator-size-gi-baking-worker=262144"
    "memorysetup-temp-allocator-size-gi-baking-worker=262144"
    "memorysetup-temp-allocator-size-gi-baking-worker=262144"
    "memorysetup-temp-allocator-size-gi-baking-worker=262144"
    "memorysetup-temp-allocator-size-gi-baking-worker=262144"
    "memorysetup-temp-allocator-size-gfx=262144"
Player connection [10828]  Target information:

Player connection [10828]  * "[IP] 192.168.101.31 [Port] 0 [Flags] 2 [Guid] 1657059709 [EditorId] 1657059709 [Version] 1048832 [Id] WindowsEditor(7,khanhpear) [Debug] 1 [PackageName] WindowsEditor [ProjectName] Editor" 

Player connection [10828] Host joined multi-casting on [225.0.0.222:54997]...
Player connection [10828] Host joined alternative multi-casting on [225.0.0.222:34997]...
JobSystem: Creating JobQueue using job-worker-count value 3
Input System module state changed to: Initialized.
[Physics::Module] Initialized fallback backend.
[Physics::Module] Id: 0xdecafbad
Library Redirect Path: Library/
[Physics::Module] Selected backend.
[Physics::Module] Name: PhysX
[Physics::Module] Id: 0xf2b8ea05
[Physics::Module] SDK Version: 4.1.2
[Physics::Module] Integration Version: 1.0.0
[Physics::Module] Threading Mode: Multi-Threaded
Refreshing native plugins compatible for Editor in 4.15 ms, found 3 plugins.
Preloading 0 native plugins for Editor in 0.00 ms.
Initialize engine version: 6000.0.44f1 (101c91f3a8fb)
[Subsystems] Discovering subsystems at path C:/Program Files/Unity/Hub/Editor/6000.0.44f1/Editor/Data/Resources/UnitySubsystems
[Subsystems] Discovering subsystems at path C:/Users/lekha/OneDrive/Documents/URAPoem/URA/Assets
GfxDevice: creating device client; kGfxThreadingModeNonThreaded
Direct3D:
    Version:  Direct3D 11.0 [level 11.1]
    Renderer: NVIDIA GeForce MX350 (ID=0x1c94)
    Vendor:   NVIDIA
    VRAM:     1964 MB
    Driver:   32.0.15.6641
Initialize mono
Mono path[0] = 'C:/Program Files/Unity/Hub/Editor/6000.0.44f1/Editor/Data/Managed'
Mono path[1] = 'C:/Program Files/Unity/Hub/Editor/6000.0.44f1/Editor/Data/MonoBleedingEdge/lib/mono/unityjit-win32'
Mono config path = 'C:/Program Files/Unity/Hub/Editor/6000.0.44f1/Editor/Data/MonoBleedingEdge/etc'
Using monoOptions --debugger-agent=transport=dt_socket,embedding=1,server=y,suspend=n,address=127.0.0.1:56372
Begin MonoManager ReloadAssembly
Registering precompiled unity dll's ...
Register platform support module: C:/Program Files/Unity/Hub/Editor/6000.0.44f1/Editor/Data/PlaybackEngines/WindowsStandaloneSupport/UnityEditor.WindowsStandalone.Extensions.dll
Register platform support module: C:/Program Files/Unity/Hub/Editor/6000.0.44f1/Editor/Data/PlaybackEngines/AndroidPlayer/UnityEditor.Android.Extensions.dll
Registered in 0.013633 seconds.
- Loaded All Assemblies, in  1.134 seconds
Native extension for Android target not found
Android Extension - Scanning For ADB Devices 969 ms
Native extension for WindowsStandalone target not found
Mono: successfully reloaded assembly
- Finished resetting the current domain, in  2.414 seconds
Domain Reload Profiling: 3542ms
	BeginReloadAssembly (485ms)
		ExecutionOrderSort (0ms)
		DisableScriptedObjects (0ms)
		BackupInstance (0ms)
		ReleaseScriptingObjects (0ms)
		CreateAndSetChildDomain (2ms)
	RebuildCommonClasses (92ms)
	RebuildNativeTypeToScriptingClass (27ms)
	initialDomainReloadingComplete (122ms)
	LoadAllAssembliesAndSetupDomain (401ms)
		LoadAssemblies (478ms)
		RebuildTransferFunctionScriptingTraits (0ms)
		AnalyzeDomain (392ms)
			TypeCache.Refresh (389ms)
				TypeCache.ScanAssembly (357ms)
			BuildScriptInfoCaches (0ms)
			ResolveRequiredComponents (1ms)
	FinalizeReload (2415ms)
		ReleaseScriptCaches (0ms)
		RebuildScriptCaches (0ms)
		SetupLoadedEditorAssemblies (2310ms)
			LogAssemblyErrors (0ms)
			InitializePlatformSupportModulesInManaged (1213ms)
			SetLoadedEditorAssemblies (12ms)
			BeforeProcessingInitializeOnLoad (240ms)
			ProcessInitializeOnLoadAttributes (690ms)
			ProcessInitializeOnLoadMethodAttributes (155ms)
			AfterProcessingInitializeOnLoad (0ms)
			EditorAssembliesLoaded (0ms)
		ExecutionOrderSort2 (0ms)
		AwakeInstancesAfterBackupRestoration (0ms)
========================================================================
Worker process is ready to serve import requests
Import Worker Mode flag is 0x00
Begin MonoManager ReloadAssembly
- Loaded All Assemblies, in  1.735 seconds
Refreshing native plugins compatible for Editor in 2.57 ms, found 3 plugins.
Native extension for Android target not found
Native extension for WindowsStandalone target not found
Mono: successfully reloaded assembly
- Finished resetting the current domain, in  4.528 seconds
Domain Reload Profiling: 6257ms
	BeginReloadAssembly (456ms)
		ExecutionOrderSort (0ms)
		DisableScriptedObjects (15ms)
		BackupInstance (0ms)
		ReleaseScriptingObjects (0ms)
		CreateAndSetChildDomain (73ms)
	RebuildCommonClasses (91ms)
	RebuildNativeTypeToScriptingClass (24ms)
	initialDomainReloadingComplete (82ms)
	LoadAllAssembliesAndSetupDomain (1076ms)
		LoadAssemblies (889ms)
		RebuildTransferFunctionScriptingTraits (0ms)
		AnalyzeDomain (469ms)
			TypeCache.Refresh (386ms)
				TypeCache.ScanAssembly (354ms)
			BuildScriptInfoCaches (62ms)
			ResolveRequiredComponents (12ms)
	FinalizeReload (4529ms)
		ReleaseScriptCaches (0ms)
		RebuildScriptCaches (0ms)
		SetupLoadedEditorAssemblies (4153ms)
			LogAssemblyErrors (0ms)
			InitializePlatformSupportModulesInManaged (45ms)
			SetLoadedEditorAssemblies (11ms)
			BeforeProcessingInitializeOnLoad (276ms)
			ProcessInitializeOnLoadAttributes (3764ms)
			ProcessInitializeOnLoadMethodAttributes (48ms)
			AfterProcessingInitializeOnLoad (9ms)
			EditorAssembliesLoaded (0ms)
		ExecutionOrderSort2 (0ms)
		AwakeInstancesAfterBackupRestoration (14ms)
Launched and connected shader compiler UnityShaderCompiler.exe after 0.04 seconds
Refreshing native plugins compatible for Editor in 2.50 ms, found 3 plugins.
Preloading 0 native plugins for Editor in 0.00 ms.
Unloading 22 Unused Serialized files (Serialized files now loaded: 0)
Unloading 3347 unused Assets / (1.1 MB). Loaded Objects now: 3850.
Memory consumption went from 86.2 MB to 85.1 MB.
Total: 13.713400 ms (FindLiveObjects: 1.284400 ms CreateObjectMapping: 0.353800 ms MarkObjects: 9.327700 ms  DeleteObjects: 2.745200 ms)

========================================================================
Received Import Request.
  Time since last request: 1161915.200044 seconds.
  path: Assets/Prefabs/Products/Hair Dryer.prefab
  artifactKey: Guid(ecd2434bf73cdc54da09416bc1e96f52) Importer(815301076,1909f56bfc062723c751e8b465ee728b)
Start importing Assets/Prefabs/Products/Hair Dryer.prefab using Guid(ecd2434bf73cdc54da09416bc1e96f52) Importer(815301076,1909f56bfc062723c751e8b465ee728b) (PreviewImporter) -> (artifact id: 'd91dd1ea79916b70145111d7bd234950') in 2.1090018 seconds
Number of updated asset objects reloaded before import = 0Number of asset objects unloaded after import = 89844

========================================================================
Received Import Request.
  Time since last request: 46.894941 seconds.
  path: Assets/Prefabs/Products/instance_261.prefab
  artifactKey: Guid(33d510419c5b2aa44a312a0af5c33c32) Importer(815301076,1909f56bfc062723c751e8b465ee728b)
Start importing Assets/Prefabs/Products/instance_261.prefab using Guid(33d510419c5b2aa44a312a0af5c33c32) Importer(815301076,1909f56bfc062723c751e8b465ee728b) (PreviewImporter) -> (artifact id: 'b2278ba0e06021f54f97fa306ca19640') in 1.7827019 seconds
Number of updated asset objects reloaded before import = 0Number of asset objects unloaded after import = 89844

========================================================================
Received Import Request.
  Time since last request: 50.120376 seconds.
  path: Assets/Prefabs/Products/Hair.prefab
  artifactKey: Guid(33d510419c5b2aa44a312a0af5c33c32) Importer(815301076,1909f56bfc062723c751e8b465ee728b)
Start importing Assets/Prefabs/Products/Hair.prefab using Guid(33d510419c5b2aa44a312a0af5c33c32) Importer(815301076,1909f56bfc062723c751e8b465ee728b) (PreviewImporter) -> (artifact id: '2585d2e29f732ceabb47b42864687494') in 1.8052031 seconds
Number of updated asset objects reloaded before import = 0Number of asset objects unloaded after import = 89844

========================================================================
Received Import Request.
  Time since last request: 24.771489 seconds.
  path: Assets/Prefabs/Products/instance_65.prefab
  artifactKey: Guid(cf602b44ca7a34a4389dd8afecc9f34a) Importer(815301076,1909f56bfc062723c751e8b465ee728b)
Start importing Assets/Prefabs/Products/instance_65.prefab using Guid(cf602b44ca7a34a4389dd8afecc9f34a) Importer(815301076,1909f56bfc062723c751e8b465ee728b) (PreviewImporter) -> (artifact id: '8ed59727bfc24c750699d60a46d7cde4') in 1.8024789 seconds
Number of updated asset objects reloaded before import = 0Number of asset objects unloaded after import = 89844

========================================================================
Received Import Request.
  Time since last request: 8.922871 seconds.
  path: Assets/Prefabs/Products/Coconut Shampoo.prefab
  artifactKey: Guid(cf602b44ca7a34a4389dd8afecc9f34a) Importer(815301076,1909f56bfc062723c751e8b465ee728b)
Start importing Assets/Prefabs/Products/Coconut Shampoo.prefab using Guid(cf602b44ca7a34a4389dd8afecc9f34a) Importer(815301076,1909f56bfc062723c751e8b465ee728b) (PreviewImporter) -> (artifact id: '349ab890fbac8aa5066675cb408b3cd2') in 1.8474494 seconds
Number of updated asset objects reloaded before import = 0Number of asset objects unloaded after import = 89844

========================================================================
Received Import Request.
  Time since last request: 23.360372 seconds.
  path: Assets/Prefabs/Products/instance_22.prefab
  artifactKey: Guid(60aca16432763bb4b8e7b5d2c0835dbd) Importer(815301076,1909f56bfc062723c751e8b465ee728b)
Start importing Assets/Prefabs/Products/instance_22.prefab using Guid(60aca16432763bb4b8e7b5d2c0835dbd) Importer(815301076,1909f56bfc062723c751e8b465ee728b) (PreviewImporter) -> (artifact id: '10902ccd3065a7cebe5bc4a0659eee75') in 1.7815103 seconds
Number of updated asset objects reloaded before import = 0Number of asset objects unloaded after import = 89844

========================================================================
Received Import Request.
  Time since last request: 17.147273 seconds.
  path: Assets/Prefabs/Products/Flower Shampoo.prefab
  artifactKey: Guid(60aca16432763bb4b8e7b5d2c0835dbd) Importer(815301076,1909f56bfc062723c751e8b465ee728b)
Start importing Assets/Prefabs/Products/Flower Shampoo.prefab using Guid(60aca16432763bb4b8e7b5d2c0835dbd) Importer(815301076,1909f56bfc062723c751e8b465ee728b) (PreviewImporter) -> (artifact id: 'a03d212759fe0a76aef46bc515c66164') in 1.9958604 seconds
Number of updated asset objects reloaded before import = 0Number of asset objects unloaded after import = 89844

========================================================================
Received Import Request.
  Time since last request: 48.281128 seconds.
  path: Assets/Prefabs/Products/instance_155.prefab
  artifactKey: Guid(8b073ce51f429a44a998d1937a8e12e3) Importer(815301076,1909f56bfc062723c751e8b465ee728b)
Start importing Assets/Prefabs/Products/instance_155.prefab using Guid(8b073ce51f429a44a998d1937a8e12e3) Importer(815301076,1909f56bfc062723c751e8b465ee728b) (PreviewImporter) -> (artifact id: '0ec08d6ca97912f54b2ed13022b622c1') in 2.5557222 seconds
Number of updated asset objects reloaded before import = 0Number of asset objects unloaded after import = 89844

========================================================================
Received Import Request.
  Time since last request: 12.644408 seconds.
  path: Assets/Prefabs/Products/Shower Gel.prefab
  artifactKey: Guid(8b073ce51f429a44a998d1937a8e12e3) Importer(815301076,1909f56bfc062723c751e8b465ee728b)
Start importing Assets/Prefabs/Products/Shower Gel.prefab using Guid(8b073ce51f429a44a998d1937a8e12e3) Importer(815301076,1909f56bfc062723c751e8b465ee728b) (PreviewImporter) -> (artifact id: 'ed4299c44e24dbe945b6335a7fc33c72') in 1.8750741 seconds
Number of updated asset objects reloaded before import = 0Number of asset objects unloaded after import = 89844

========================================================================
Received Import Request.
  Time since last request: 2596.280470 seconds.
  path: Assets/Prefabs/Products/instance_192.prefab
  artifactKey: Guid(8fad42880b6b7b04d9df55c685afd2bd) Importer(815301076,1909f56bfc062723c751e8b465ee728b)
Start importing Assets/Prefabs/Products/instance_192.prefab using Guid(8fad42880b6b7b04d9df55c685afd2bd) Importer(815301076,1909f56bfc062723c751e8b465ee728b) (PreviewImporter) -> (artifact id: 'e8575c7c4f888c21eeca5ec21e27d589') in 3.9697862 seconds
Number of updated asset objects reloaded before import = 0Number of asset objects unloaded after import = 89852

========================================================================
Received Import Request.
  Time since last request: 4.919854 seconds.
  path: Assets/Prefabs/Products/Sun Cream.prefab
  artifactKey: Guid(8fad42880b6b7b04d9df55c685afd2bd) Importer(815301076,1909f56bfc062723c751e8b465ee728b)
Start importing Assets/Prefabs/Products/Sun Cream.prefab using Guid(8fad42880b6b7b04d9df55c685afd2bd) Importer(815301076,1909f56bfc062723c751e8b465ee728b) (PreviewImporter) -> (artifact id: '3aa8ad1c625d5f0cb03e54b8cd140e00') in 1.9576324 seconds
Number of updated asset objects reloaded before import = 0Number of asset objects unloaded after import = 89852

========================================================================
Received Import Request.
  Time since last request: 39.025684 seconds.
  path: Assets/Prefabs/Products/instance_143.prefab
  artifactKey: Guid(fc450a60c22d14545a7ca03dc9f0dc1a) Importer(815301076,1909f56bfc062723c751e8b465ee728b)
Start importing Assets/Prefabs/Products/instance_143.prefab using Guid(fc450a60c22d14545a7ca03dc9f0dc1a) Importer(815301076,1909f56bfc062723c751e8b465ee728b) (PreviewImporter) -> (artifact id: 'c6bebeec79a2d8db8eb32324b0e5a73c') in 2.2374309 seconds
Number of updated asset objects reloaded before import = 0Number of asset objects unloaded after import = 89844

========================================================================
Received Import Request.
  Time since last request: 21.652507 seconds.
  path: Assets/Prefabs/Products/Shampoo.prefab
  artifactKey: Guid(fc450a60c22d14545a7ca03dc9f0dc1a) Importer(815301076,1909f56bfc062723c751e8b465ee728b)
Start importing Assets/Prefabs/Products/Shampoo.prefab using Guid(fc450a60c22d14545a7ca03dc9f0dc1a) Importer(815301076,1909f56bfc062723c751e8b465ee728b) (PreviewImporter) -> (artifact id: '6db0d987ac71c79df02c2d4f99083382') in 2.1201796 seconds
Number of updated asset objects reloaded before import = 0Number of asset objects unloaded after import = 89844

========================================================================
Received Import Request.
  Time since last request: 11.345678 seconds.
  path: Assets/Prefabs/Products/instance_146.prefab
  artifactKey: Guid(32c20e35e8fbe0f49bedc9a08e83d77e) Importer(815301076,1909f56bfc062723c751e8b465ee728b)
Start importing Assets/Prefabs/Products/instance_146.prefab using Guid(32c20e35e8fbe0f49bedc9a08e83d77e) Importer(815301076,1909f56bfc062723c751e8b465ee728b) (PreviewImporter) -> (artifact id: '31f614e81f9c8d61a456ed55a0e2fd5b') in 1.4858345 seconds
Number of updated asset objects reloaded before import = 0Number of asset objects unloaded after import = 89844

========================================================================
Received Import Request.
  Time since last request: 5.715002 seconds.
  path: Assets/Prefabs/Products/Titan Gel.prefab
  artifactKey: Guid(32c20e35e8fbe0f49bedc9a08e83d77e) Importer(815301076,1909f56bfc062723c751e8b465ee728b)
Start importing Assets/Prefabs/Products/Titan Gel.prefab using Guid(32c20e35e8fbe0f49bedc9a08e83d77e) Importer(815301076,1909f56bfc062723c751e8b465ee728b) (PreviewImporter) -> (artifact id: 'fcd5adebfa87b0dcf5239ecc304bfc8c') in 1.8338139 seconds
Number of updated asset objects reloaded before import = 0Number of asset objects unloaded after import = 89844

========================================================================
Received Import Request.
  Time since last request: 6.346121 seconds.
  path: Assets/Prefabs/Products/instance_295.prefab
  artifactKey: Guid(da3b3faa442f7f249af03570ced16369) Importer(815301076,1909f56bfc062723c751e8b465ee728b)
Start importing Assets/Prefabs/Products/instance_295.prefab using Guid(da3b3faa442f7f249af03570ced16369) Importer(815301076,1909f56bfc062723c751e8b465ee728b) (PreviewImporter) -> (artifact id: '7771c50a11a92e914642d2daa93d93d3') in 1.7601069 seconds
Number of updated asset objects reloaded before import = 0Number of asset objects unloaded after import = 89844

========================================================================
Received Import Request.
  Time since last request: 6.834759 seconds.
  path: Assets/Prefabs/Products/Deodorant.prefab
  artifactKey: Guid(da3b3faa442f7f249af03570ced16369) Importer(815301076,1909f56bfc062723c751e8b465ee728b)
Start importing Assets/Prefabs/Products/Deodorant.prefab using Guid(da3b3faa442f7f249af03570ced16369) Importer(815301076,1909f56bfc062723c751e8b465ee728b) (PreviewImporter) -> (artifact id: 'cecf747f967a7129fb9992dbe9a97b10') in 1.817041 seconds
Number of updated asset objects reloaded before import = 0Number of asset objects unloaded after import = 89844

========================================================================
Received Import Request.
  Time since last request: 184.433813 seconds.
  path: Assets/Prefabs/Products/instance_445.prefab
  artifactKey: Guid(169c9f949a2d1ed4a97a93c5d141724f) Importer(815301076,1909f56bfc062723c751e8b465ee728b)
Start importing Assets/Prefabs/Products/instance_445.prefab using Guid(169c9f949a2d1ed4a97a93c5d141724f) Importer(815301076,1909f56bfc062723c751e8b465ee728b) (PreviewImporter) -> (artifact id: '4c2f3b0fd72be9a30036cd52e648fffe') in 2.08707 seconds
Number of updated asset objects reloaded before import = 0Number of asset objects unloaded after import = 89844

========================================================================
Received Import Request.
  Time since last request: 4.635211 seconds.
  path: Assets/Prefabs/Products/Soap Bar.prefab
  artifactKey: Guid(169c9f949a2d1ed4a97a93c5d141724f) Importer(815301076,1909f56bfc062723c751e8b465ee728b)
Start importing Assets/Prefabs/Products/Soap Bar.prefab using Guid(169c9f949a2d1ed4a97a93c5d141724f) Importer(815301076,1909f56bfc062723c751e8b465ee728b) (PreviewImporter) -> (artifact id: '21309b55687e4132e145215e24d9f70f') in 1.7529752 seconds
Number of updated asset objects reloaded before import = 0Number of asset objects unloaded after import = 89844

========================================================================
Received Import Request.
  Time since last request: 8.504988 seconds.
  path: Assets/Prefabs/Products/instance_106.prefab
  artifactKey: Guid(2bd988c54b122e441a722ce72c7d8efc) Importer(815301076,1909f56bfc062723c751e8b465ee728b)
Start importing Assets/Prefabs/Products/instance_106.prefab using Guid(2bd988c54b122e441a722ce72c7d8efc) Importer(815301076,1909f56bfc062723c751e8b465ee728b) (PreviewImporter) -> (artifact id: '2d8f629a68a7f5b3df098f62aeff222d') in 1.6139013 seconds
Number of updated asset objects reloaded before import = 0Number of asset objects unloaded after import = 89846

========================================================================
Received Import Request.
  Time since last request: 7.455631 seconds.
  path: Assets/Prefabs/Products/Black Hair Gel.prefab
  artifactKey: Guid(2bd988c54b122e441a722ce72c7d8efc) Importer(815301076,1909f56bfc062723c751e8b465ee728b)
Start importing Assets/Prefabs/Products/Black Hair Gel.prefab using Guid(2bd988c54b122e441a722ce72c7d8efc) Importer(815301076,1909f56bfc062723c751e8b465ee728b) (PreviewImporter) -> (artifact id: '30077d015b11149eaf3c5710346f141e') in 1.9596255 seconds
Number of updated asset objects reloaded before import = 0Number of asset objects unloaded after import = 89846

========================================================================
Received Import Request.
  Time since last request: 700.964789 seconds.
  path: Assets/Prefabs/Products/instance_254.prefab
  artifactKey: Guid(8be9478113be6b54fb207196cce18466) Importer(815301076,1909f56bfc062723c751e8b465ee728b)
Start importing Assets/Prefabs/Products/instance_254.prefab using Guid(8be9478113be6b54fb207196cce18466) Importer(815301076,1909f56bfc062723c751e8b465ee728b) (PreviewImporter) -> (artifact id: '397823460d1fb042665b5b8c9ccd7c1b') in 1.7764142 seconds
Number of updated asset objects reloaded before import = 0Number of asset objects unloaded after import = 89844

========================================================================
Received Import Request.
  Time since last request: 6.218968 seconds.
  path: Assets/Prefabs/Products/Hair Spray Bottle.prefab
  artifactKey: Guid(8be9478113be6b54fb207196cce18466) Importer(815301076,1909f56bfc062723c751e8b465ee728b)
Start importing Assets/Prefabs/Products/Hair Spray Bottle.prefab using Guid(8be9478113be6b54fb207196cce18466) Importer(815301076,1909f56bfc062723c751e8b465ee728b) (PreviewImporter) -> (artifact id: 'e2bc5c08244a46d424aae4c1393857a5') in 1.7611549 seconds
Number of updated asset objects reloaded before import = 0Number of asset objects unloaded after import = 89844

========================================================================
Received Import Request.
  Time since last request: 9.733465 seconds.
  path: Assets/Prefabs/Products/instance_403.prefab
  artifactKey: Guid(7afe28366f7523b4a82d19df3b441716) Importer(815301076,1909f56bfc062723c751e8b465ee728b)
Start importing Assets/Prefabs/Products/instance_403.prefab using Guid(7afe28366f7523b4a82d19df3b441716) Importer(815301076,1909f56bfc062723c751e8b465ee728b) (PreviewImporter) -> (artifact id: '6e1e0bd7456e7b065da4017b24353cc1') in 1.5082146 seconds
Number of updated asset objects reloaded before import = 0Number of asset objects unloaded after import = 89844

========================================================================
Received Import Request.
  Time since last request: 8.360826 seconds.
  path: Assets/Prefabs/Products/Sanitary Pad Pack.prefab
  artifactKey: Guid(7afe28366f7523b4a82d19df3b441716) Importer(815301076,1909f56bfc062723c751e8b465ee728b)
Start importing Assets/Prefabs/Products/Sanitary Pad Pack.prefab using Guid(7afe28366f7523b4a82d19df3b441716) Importer(815301076,1909f56bfc062723c751e8b465ee728b) (PreviewImporter) -> (artifact id: '995c30fb3af528ef5ac4bcc230aa4509') in 1.8095004 seconds
Number of updated asset objects reloaded before import = 0Number of asset objects unloaded after import = 89844

========================================================================
Received Import Request.
  Time since last request: 1827.379311 seconds.
  path: Assets/Prefabs/Products/instance_437.prefab
  artifactKey: Guid(de8e965bbef57b84b8d3d7c028548472) Importer(815301076,1909f56bfc062723c751e8b465ee728b)
Start importing Assets/Prefabs/Products/instance_437.prefab using Guid(de8e965bbef57b84b8d3d7c028548472) Importer(815301076,1909f56bfc062723c751e8b465ee728b) (PreviewImporter) -> (artifact id: '54b209f605b902a94c2732c0dd4983f9') in 3.040616 seconds
Number of updated asset objects reloaded before import = 0Number of asset objects unloaded after import = 89852

========================================================================
Received Import Request.
  Time since last request: 9.695202 seconds.
  path: Assets/Prefabs/Products/Mennen Deodorant.prefab
  artifactKey: Guid(de8e965bbef57b84b8d3d7c028548472) Importer(815301076,1909f56bfc062723c751e8b465ee728b)
Start importing Assets/Prefabs/Products/Mennen Deodorant.prefab using Guid(de8e965bbef57b84b8d3d7c028548472) Importer(815301076,1909f56bfc062723c751e8b465ee728b) (PreviewImporter) -> (artifact id: 'e4895e3d3a22770f09ce7d3d49555d05') in 1.7518437 seconds
Number of updated asset objects reloaded before import = 0Number of asset objects unloaded after import = 89852

========================================================================
Received Import Request.
  Time since last request: 19.268527 seconds.
  path: Assets/Prefabs/Products/instance_60.prefab
  artifactKey: Guid(ad3ad0fa80ccd604ba1b7ce5349a73df) Importer(815301076,1909f56bfc062723c751e8b465ee728b)
Start importing Assets/Prefabs/Products/instance_60.prefab using Guid(ad3ad0fa80ccd604ba1b7ce5349a73df) Importer(815301076,1909f56bfc062723c751e8b465ee728b) (PreviewImporter) -> (artifact id: 'd7c410fab46a4cf9159dc765b4dabdfd') in 1.7077522 seconds
Number of updated asset objects reloaded before import = 0Number of asset objects unloaded after import = 89844

========================================================================
Received Import Request.
  Time since last request: 9.384786 seconds.
  path: Assets/Prefabs/Products/Shower Gel Tonic.prefab
  artifactKey: Guid(ad3ad0fa80ccd604ba1b7ce5349a73df) Importer(815301076,1909f56bfc062723c751e8b465ee728b)
Start importing Assets/Prefabs/Products/Shower Gel Tonic.prefab using Guid(ad3ad0fa80ccd604ba1b7ce5349a73df) Importer(815301076,1909f56bfc062723c751e8b465ee728b) (PreviewImporter) -> (artifact id: '1e0154f8fcb69cb7f4654a58bc7b7e65') in 1.6687827 seconds
Number of updated asset objects reloaded before import = 0Number of asset objects unloaded after import = 89844

========================================================================
Received Import Request.
  Time since last request: 273.620846 seconds.
  path: Assets/Prefabs/Products/instance_427.prefab
  artifactKey: Guid(efbc35adffcdbe1469b9bfce4abcf859) Importer(815301076,1909f56bfc062723c751e8b465ee728b)
Start importing Assets/Prefabs/Products/instance_427.prefab using Guid(efbc35adffcdbe1469b9bfce4abcf859) Importer(815301076,1909f56bfc062723c751e8b465ee728b) (PreviewImporter) -> (artifact id: '6dc4eec6c45eb4f76ff51419716b46d3') in 2.1920796 seconds
Number of updated asset objects reloaded before import = 0Number of asset objects unloaded after import = 89844

========================================================================
Received Import Request.
  Time since last request: 3.064781 seconds.
  path: Assets/Prefabs/Products/Tampon.prefab
  artifactKey: Guid(efbc35adffcdbe1469b9bfce4abcf859) Importer(815301076,1909f56bfc062723c751e8b465ee728b)
Start importing Assets/Prefabs/Products/Tampon.prefab using Guid(efbc35adffcdbe1469b9bfce4abcf859) Importer(815301076,1909f56bfc062723c751e8b465ee728b) (PreviewImporter) -> (artifact id: '338d3c3b92898d6521cb7e1519a9dfd0') in 1.9229588 seconds
Number of updated asset objects reloaded before import = 0Number of asset objects unloaded after import = 89844

========================================================================
Received Import Request.
  Time since last request: 8.419255 seconds.
  path: Assets/Prefabs/Products/instance_433.prefab
  artifactKey: Guid(e09e38ef2d5ae9744a8cc8ecdeb26e6c) Importer(815301076,1909f56bfc062723c751e8b465ee728b)
Start importing Assets/Prefabs/Products/instance_433.prefab using Guid(e09e38ef2d5ae9744a8cc8ecdeb26e6c) Importer(815301076,1909f56bfc062723c751e8b465ee728b) (PreviewImporter) -> (artifact id: '41621289fbf59148e6be1ce1bc33fa5b') in 1.7634501 seconds
Number of updated asset objects reloaded before import = 0Number of asset objects unloaded after import = 89844

========================================================================
Received Import Request.
  Time since last request: 23.293321 seconds.
  path: Assets/Prefabs/Products/Sanitary Gal.prefab
  artifactKey: Guid(e09e38ef2d5ae9744a8cc8ecdeb26e6c) Importer(815301076,1909f56bfc062723c751e8b465ee728b)
Start importing Assets/Prefabs/Products/Sanitary Gal.prefab using Guid(e09e38ef2d5ae9744a8cc8ecdeb26e6c) Importer(815301076,1909f56bfc062723c751e8b465ee728b) (PreviewImporter) -> (artifact id: '138496e2eefaced198e2136bab43783b') in 1.9109331 seconds
Number of updated asset objects reloaded before import = 0Number of asset objects unloaded after import = 89844

========================================================================
Received Import Request.
  Time since last request: 19.908384 seconds.
  path: Assets/Prefabs/Products/instance_307.prefab
  artifactKey: Guid(829d3de8a37f67d44abaeeef1eda0f79) Importer(815301076,1909f56bfc062723c751e8b465ee728b)
Start importing Assets/Prefabs/Products/instance_307.prefab using Guid(829d3de8a37f67d44abaeeef1eda0f79) Importer(815301076,1909f56bfc062723c751e8b465ee728b) (PreviewImporter) -> (artifact id: 'a2abc8ffa81740deaae59391be93822a') in 2.3241617 seconds
Number of updated asset objects reloaded before import = 0Number of asset objects unloaded after import = 89844

========================================================================
Received Import Request.
  Time since last request: 14.956210 seconds.
  path: Assets/Prefabs/Products/Lotus Toilet Paper.prefab
  artifactKey: Guid(829d3de8a37f67d44abaeeef1eda0f79) Importer(815301076,1909f56bfc062723c751e8b465ee728b)
Start importing Assets/Prefabs/Products/Lotus Toilet Paper.prefab using Guid(829d3de8a37f67d44abaeeef1eda0f79) Importer(815301076,1909f56bfc062723c751e8b465ee728b) (PreviewImporter) -> (artifact id: 'e79ca5f0e78fe4584b2b26c278a93edb') in 2.2511544 seconds
Number of updated asset objects reloaded before import = 0Number of asset objects unloaded after import = 89844

========================================================================
Received Import Request.
  Time since last request: 9.527166 seconds.
  path: Assets/Prefabs/Products/instance_279.prefab
  artifactKey: Guid(249d4833e17aabd48a8f4e9fa9c71aa4) Importer(815301076,1909f56bfc062723c751e8b465ee728b)
Start importing Assets/Prefabs/Products/instance_279.prefab using Guid(249d4833e17aabd48a8f4e9fa9c71aa4) Importer(815301076,1909f56bfc062723c751e8b465ee728b) (PreviewImporter) -> (artifact id: 'c50138944cb0bcc8abfbb3488608fa5e') in 1.7120411 seconds
Number of updated asset objects reloaded before import = 0Number of asset objects unloaded after import = 89844

========================================================================
Received Import Request.
  Time since last request: 40.922518 seconds.
  path: Assets/Prefabs/Products/Moltonel Paper.prefab
  artifactKey: Guid(249d4833e17aabd48a8f4e9fa9c71aa4) Importer(815301076,1909f56bfc062723c751e8b465ee728b)
Start importing Assets/Prefabs/Products/Moltonel Paper.prefab using Guid(249d4833e17aabd48a8f4e9fa9c71aa4) Importer(815301076,1909f56bfc062723c751e8b465ee728b) (PreviewImporter) -> (artifact id: 'a2e95a2e3b8b801ae65e051f2339db7a') in 2.1106503 seconds
Number of updated asset objects reloaded before import = 0Number of asset objects unloaded after import = 89844

========================================================================
Received Import Request.
  Time since last request: 46.274515 seconds.
  path: Assets/Prefabs/Products/Moltonel Paper Tote.prefab
  artifactKey: Guid(249d4833e17aabd48a8f4e9fa9c71aa4) Importer(815301076,1909f56bfc062723c751e8b465ee728b)
Start importing Assets/Prefabs/Products/Moltonel Paper Tote.prefab using Guid(249d4833e17aabd48a8f4e9fa9c71aa4) Importer(815301076,1909f56bfc062723c751e8b465ee728b) (PreviewImporter) -> (artifact id: 'e7dd2d88649befbec983830377662196') in 1.5605837 seconds
Number of updated asset objects reloaded before import = 0Number of asset objects unloaded after import = 89844

========================================================================
Received Import Request.
  Time since last request: 6.913850 seconds.
  path: Assets/Prefabs/Products/Moltonel Paper Toilet.prefab
  artifactKey: Guid(249d4833e17aabd48a8f4e9fa9c71aa4) Importer(815301076,1909f56bfc062723c751e8b465ee728b)
Start importing Assets/Prefabs/Products/Moltonel Paper Toilet.prefab using Guid(249d4833e17aabd48a8f4e9fa9c71aa4) Importer(815301076,1909f56bfc062723c751e8b465ee728b) (PreviewImporter) -> (artifact id: '5590c2e8511c3e9beb4f625be69f5090') in 1.8069926 seconds
Number of updated asset objects reloaded before import = 0Number of asset objects unloaded after import = 89844

========================================================================
Received Import Request.
  Time since last request: 178.580159 seconds.
  path: Assets/Prefabs/Products/instance_246.prefab
  artifactKey: Guid(1c11a431e7e2a354fb750dece1977005) Importer(815301076,1909f56bfc062723c751e8b465ee728b)
Start importing Assets/Prefabs/Products/instance_246.prefab using Guid(1c11a431e7e2a354fb750dece1977005) Importer(815301076,1909f56bfc062723c751e8b465ee728b) (PreviewImporter) -> (artifact id: '368555bb665492ff842f1e7171f2333b') in 3.2699127 seconds
Number of updated asset objects reloaded before import = 0Number of asset objects unloaded after import = 89844

========================================================================
Received Import Request.
  Time since last request: 5.598601 seconds.
  path: Assets/Prefabs/Products/Sanitary Tube.prefab
  artifactKey: Guid(1c11a431e7e2a354fb750dece1977005) Importer(815301076,1909f56bfc062723c751e8b465ee728b)
Start importing Assets/Prefabs/Products/Sanitary Tube.prefab using Guid(1c11a431e7e2a354fb750dece1977005) Importer(815301076,1909f56bfc062723c751e8b465ee728b) (PreviewImporter) -> (artifact id: 'cb5b9a16ba35b0658a4cc0314124d86a') in 1.9267998 seconds
Number of updated asset objects reloaded before import = 0Number of asset objects unloaded after import = 89844

========================================================================
Received Import Request.
  Time since last request: 3.219590 seconds.
  path: Assets/Prefabs/Products/instance_107.prefab
  artifactKey: Guid(0007fa4be006d30459e13cd14b7db5bc) Importer(815301076,1909f56bfc062723c751e8b465ee728b)
Start importing Assets/Prefabs/Products/instance_107.prefab using Guid(0007fa4be006d30459e13cd14b7db5bc) Importer(815301076,1909f56bfc062723c751e8b465ee728b) (PreviewImporter) -> (artifact id: '39b15e5fe25ff67ab7596f7e60351897') in 1.8615532 seconds
Number of updated asset objects reloaded before import = 0Number of asset objects unloaded after import = 89844

========================================================================
Received Import Request.
  Time since last request: 8.379382 seconds.
  path: Assets/Prefabs/Products/Body Lotion.prefab
  artifactKey: Guid(0007fa4be006d30459e13cd14b7db5bc) Importer(815301076,1909f56bfc062723c751e8b465ee728b)
Start importing Assets/Prefabs/Products/Body Lotion.prefab using Guid(0007fa4be006d30459e13cd14b7db5bc) Importer(815301076,1909f56bfc062723c751e8b465ee728b) (PreviewImporter) -> (artifact id: '05d2ec9befeff2ce30672ae3cf6448f1') in 1.7865792 seconds
Number of updated asset objects reloaded before import = 0Number of asset objects unloaded after import = 89844

========================================================================
Received Import Request.
  Time since last request: 183.136030 seconds.
  path: Assets/Prefabs/Products/Personal Care Product
  artifactKey: Guid(1f49994697d61c24daeac2c5606b2987) Importer(815301076,1909f56bfc062723c751e8b465ee728b)
Start importing Assets/Prefabs/Products/Personal Care Product using Guid(1f49994697d61c24daeac2c5606b2987) Importer(815301076,1909f56bfc062723c751e8b465ee728b) (PreviewImporter) -> (artifact id: 'a1e7de525bda86fff039c54b6212e9d3') in 0.0114879 seconds
Number of updated asset objects reloaded before import = 0Number of asset objects unloaded after import = 0

========================================================================
Received Import Request.
  Time since last request: 2025.746952 seconds.
  path: Assets/Prefabs/Products/soda_pack/textures/40px_Singha_Beer_baseColor.jpeg
  artifactKey: Guid(f36d66b7e7d818e439d25f7cad5fc71c) Importer(815301076,1909f56bfc062723c751e8b465ee728b)
Start importing Assets/Prefabs/Products/soda_pack/textures/40px_Singha_Beer_baseColor.jpeg using Guid(f36d66b7e7d818e439d25f7cad5fc71c) Importer(815301076,1909f56bfc062723c751e8b465ee728b) (PreviewImporter) -> (artifact id: '4959f131b330a91aeab29baa36a55e1e') in 1.160121 seconds
Number of updated asset objects reloaded before import = 0Number of asset objects unloaded after import = 2

========================================================================
Received Import Request.
  Time since last request: 0.001895 seconds.
  path: Assets/Prefabs/Products/soda_pack/textures/be4a2160cfaea732ee19e65aed1dfa3_baseColor.jpeg
  artifactKey: Guid(16f63981050ceae43b3e8805aec59924) Importer(815301076,1909f56bfc062723c751e8b465ee728b)
Start importing Assets/Prefabs/Products/soda_pack/textures/be4a2160cfaea732ee19e65aed1dfa3_baseColor.jpeg using Guid(16f63981050ceae43b3e8805aec59924) Importer(815301076,1909f56bfc062723c751e8b465ee728b) (PreviewImporter) -> (artifact id: '13ee4c916cd08670e4f01c24c9df46c2') in 0.0854582 seconds
Number of updated asset objects reloaded before import = 0Number of asset objects unloaded after import = 2

========================================================================
Received Import Request.
  Time since last request: 0.000041 seconds.
  path: Assets/Prefabs/Products/soda_pack/textures/material_baseColor.jpeg
  artifactKey: Guid(9de0f2231281a5249995b95c8fa4f7a1) Importer(815301076,1909f56bfc062723c751e8b465ee728b)
Start importing Assets/Prefabs/Products/soda_pack/textures/material_baseColor.jpeg using Guid(9de0f2231281a5249995b95c8fa4f7a1) Importer(815301076,1909f56bfc062723c751e8b465ee728b) (PreviewImporter) -> (artifact id: '58fe2f9b928d1c3dd3203a0af6c7f104') in 0.0736461 seconds
Number of updated asset objects reloaded before import = 0Number of asset objects unloaded after import = 2

========================================================================
Received Import Request.
  Time since last request: 0.000043 seconds.
  path: Assets/Prefabs/Products/soda_pack/textures/heineken_pilsener_24_blik_33cl_1_baseColor.jpeg
  artifactKey: Guid(a96a6b8db3cb0e647aa67c8cd90e11fc) Importer(815301076,1909f56bfc062723c751e8b465ee728b)
Start importing Assets/Prefabs/Products/soda_pack/textures/heineken_pilsener_24_blik_33cl_1_baseColor.jpeg using Guid(a96a6b8db3cb0e647aa67c8cd90e11fc) Importer(815301076,1909f56bfc062723c751e8b465ee728b) (PreviewImporter) -> (artifact id: '4c9da876cde8fd4201340885526984de') in 0.0820603 seconds
Number of updated asset objects reloaded before import = 0Number of asset objects unloaded after import = 2

========================================================================
Received Import Request.
  Time since last request: 0.000036 seconds.
  path: Assets/Prefabs/Products/soda_pack/textures/U4d1c74f4234b4a8588550eef991a64f35_baseColor.jpeg
  artifactKey: Guid(74ba4a7a17fddda458ea32b3a821a904) Importer(815301076,1909f56bfc062723c751e8b465ee728b)
Start importing Assets/Prefabs/Products/soda_pack/textures/U4d1c74f4234b4a8588550eef991a64f35_baseColor.jpeg using Guid(74ba4a7a17fddda458ea32b3a821a904) Importer(815301076,1909f56bfc062723c751e8b465ee728b) (PreviewImporter) -> (artifact id: 'feb8e45f7000066c972246494e42306b') in 0.0759983 seconds
Number of updated asset objects reloaded before import = 0Number of asset objects unloaded after import = 2

========================================================================
Received Import Request.
  Time since last request: 0.000036 seconds.
  path: Assets/Prefabs/Products/soda_pack/textures/sprite_baseColor.jpeg
  artifactKey: Guid(ec3f25527454a814289d1cf11b1a3701) Importer(815301076,1909f56bfc062723c751e8b465ee728b)
Start importing Assets/Prefabs/Products/soda_pack/textures/sprite_baseColor.jpeg using Guid(ec3f25527454a814289d1cf11b1a3701) Importer(815301076,1909f56bfc062723c751e8b465ee728b) (PreviewImporter) -> (artifact id: '95d818ac2c6df380c0e13814f9c69805') in 0.06532 seconds
Number of updated asset objects reloaded before import = 0Number of asset objects unloaded after import = 2

Editor requested this worker to shutdown with reason: Scaling down because of idle timeout
AssetImportWorker is now disconnected from the server
Process exiting
Exiting without the bug reporter. Application will terminate with return code 0